---
source: exchange/tests/fill_or_kill.rs
expression: "&exchange"
---
{
    Ask: [
        Order {
            limit_price: 100,
            remaining: 50,
            status: Open,
        },
    ],
    Bid: [],
}
