---
source: exchange/tests/fill_or_kill.rs
expression: "&exchange"
---
{
    Ask: [],
    Bid: [],
}
